// Jest Snapshot v1, https://goo.gl/fbAQLP

exports[`should take ExpenseListFilters snapshot 1`] = `undefined`;
