// Jest Snapshot v1, https://goo.gl/fbAQLP

exports[`should render EditExpensePage 1`] = `undefined`;

exports[`should render EditExpensePage correctly 1`] = `undefined`;
