// Jest Snapshot v1, https://goo.gl/fbAQLP

exports[`should render PageNotFound correctly 1`] = `
<div>
  404 - NotFoundPage 
  <Link
    replace={false}
    to="/"
  >
    Go To Dashboard
  </Link>
</div>
`;
